---
source: src/lib.rs
expression: env
---
1 2 + 3 * 2 ^
